// Jest Snapshot v1, https://goo.gl/fbAQLP

exports[`red 1`] = `
<div
  className="productContainer"
>
  <div>
    <img />
  </div>
  <div>
    <div>
      <p />
    </div>
    <div>
       
      <span>
         â‚¬
      </span>
    </div>
  </div>
</div>
`;
