// Jest Snapshot v1, https://goo.gl/fbAQLP

exports[`snapshot <CartToAPI/> Component 1`] = `
<div
  className="containerGreen"
>
  <div
    className="containerChild"
  >
    <img
      alt=""
      src="https://encrypted-tbn0.gstatic.com/images?q=tbn:ANd9GcSVY3efFyktSBShjhBcNUt2JuH3F1r0qnlt1g&usqp=CAU"
    />
    <h1>
      Pekka
      \`s wishlist 
    </h1>
  </div>
  <span
    className="success"
  >
    successfully saved!
  </span>
  <span>
     
    <span
      style={
        Object {
          "fontWeight": 800,
        }
      }
    >
      ID:
    </span>
    
  </span>
</div>
`;

exports[`snapshot <CartToAPICombine/> Component 1`] = `
<div
  style={
    Object {
      "alignItems": "flex-start",
      "display": "flex ",
      "flexDirection": "column",
      "height": "80%",
      "justifyContent": "flex-start",
      "position": "relative",
      "width": "100%",
    }
  }
>
  <button
    className="closeButton"
    onClick={[Function]}
  >
    <svg
      fill="none"
      height="1em"
      stroke="currentColor"
      strokeWidth="0"
      style={
        Object {
          "color": undefined,
        }
      }
      viewBox="0 0 24 24"
      width="1em"
      xmlns="http://www.w3.org/2000/svg"
    >
      <path
        d="M16.3956 7.75734C16.7862 8.14786 16.7862 8.78103 16.3956 9.17155L13.4142 12.153L16.0896 14.8284C16.4802 15.2189 16.4802 15.8521 16.0896 16.2426C15.6991 16.6331 15.0659 16.6331 14.6754 16.2426L12 13.5672L9.32458 16.2426C8.93405 16.6331 8.30089 16.6331 7.91036 16.2426C7.51984 15.8521 7.51984 15.2189 7.91036 14.8284L10.5858 12.153L7.60436 9.17155C7.21383 8.78103 7.21383 8.14786 7.60436 7.75734C7.99488 7.36681 8.62805 7.36681 9.01857 7.75734L12 10.7388L14.9814 7.75734C15.372 7.36681 16.0051 7.36681 16.3956 7.75734Z"
        fill="currentColor"
      />
      <path
        clipRule="evenodd"
        d="M4 1C2.34315 1 1 2.34315 1 4V20C1 21.6569 2.34315 23 4 23H20C21.6569 23 23 21.6569 23 20V4C23 2.34315 21.6569 1 20 1H4ZM20 3H4C3.44772 3 3 3.44772 3 4V20C3 20.5523 3.44772 21 4 21H20C20.5523 21 21 20.5523 21 20V4C21 3.44772 20.5523 3 20 3Z"
        fill="currentColor"
        fillRule="evenodd"
      />
    </svg>
    Close
  </button>
  <div
    style={
      Object {
        "alignItems": "flex-start",
        "display": "flex ",
        "flexDirection": "column",
        "height": "80%",
        "justifyContent": "flex-start",
        "position": "relative",
        "width": "100%",
      }
    }
  >
    <div
      style={
        Object {
          "display": "flex",
          "flexDirection": "column",
          "width": "100%",
        }
      }
    >
      <h2
        style={
          Object {
            "backgroundColor": "rgb(14, 165, 39)",
            "borderRadius": "10px",
            "color": "white",
            "margin": "5px",
            "padding": "10px 0px",
            "textAlign": "center",
            "width": "100%",
          }
        }
      >
        <svg
          fill="none"
          height="1em"
          stroke="currentColor"
          strokeWidth="0"
          style={
            Object {
              "color": undefined,
            }
          }
          viewBox="0 0 24 24"
          width="1em"
          xmlns="http://www.w3.org/2000/svg"
        >
          <path
            d="M12 17C14.2091 17 16 15.2091 16 13H8C8 15.2091 9.79086 17 12 17Z"
            fill="currentColor"
          />
          <path
            d="M10 10C10 10.5523 9.55228 11 9 11C8.44772 11 8 10.5523 8 10C8 9.44772 8.44772 9 9 9C9.55228 9 10 9.44772 10 10Z"
            fill="currentColor"
          />
          <path
            d="M15 11C15.5523 11 16 10.5523 16 10C16 9.44772 15.5523 9 15 9C14.4477 9 14 9.44772 14 10C14 10.5523 14.4477 11 15 11Z"
            fill="currentColor"
          />
          <path
            clipRule="evenodd"
            d="M22 12C22 17.5228 17.5228 22 12 22C6.47715 22 2 17.5228 2 12C2 6.47715 6.47715 2 12 2C17.5228 2 22 6.47715 22 12ZM20 12C20 16.4183 16.4183 20 12 20C7.58172 20 4 16.4183 4 12C4 7.58172 7.58172 4 12 4C16.4183 4 20 7.58172 20 12Z"
            fill="currentColor"
            fillRule="evenodd"
          />
        </svg>
        Approved Items
      </h2>
    </div>
    <div
      style={
        Object {
          "display": "flex",
          "flexDirection": "column",
          "width": "100%",
        }
      }
    >
      <h2
        style={
          Object {
            "backgroundColor": "rgb(165, 14, 52)",
            "borderRadius": "10px",
            "color": "white",
            "margin": "5px",
            "padding": "10px 0px",
            "textAlign": "center",
            "width": "100%",
          }
        }
      >
        <svg
          fill="none"
          height="1em"
          stroke="currentColor"
          strokeWidth="0"
          style={
            Object {
              "color": undefined,
            }
          }
          viewBox="0 0 24 24"
          width="1em"
          xmlns="http://www.w3.org/2000/svg"
        >
          <path
            d="M9 11C9.55228 11 10 10.5523 10 10C10 9.44772 9.55228 9 9 9C8.44772 9 8 9.44772 8 10C8 10.5523 8.44772 11 9 11Z"
            fill="currentColor"
          />
          <path
            d="M14 17C14 15.8954 13.1046 15 12 15C10.8954 15 10 15.8954 10 17H8C8 14.7909 9.79086 13 12 13C14.2091 13 16 14.7909 16 17H14Z"
            fill="currentColor"
          />
          <path
            d="M16 10C16 10.5523 15.5523 11 15 11C14.4477 11 14 10.5523 14 10C14 9.44772 14.4477 9 15 9C15.5523 9 16 9.44772 16 10Z"
            fill="currentColor"
          />
          <path
            clipRule="evenodd"
            d="M22 12C22 17.5228 17.5228 22 12 22C6.47715 22 2 17.5228 2 12C2 6.47715 6.47715 2 12 2C17.5228 2 22 6.47715 22 12ZM20 12C20 16.4183 16.4183 20 12 20C7.58172 20 4 16.4183 4 12C4 7.58172 7.58172 4 12 4C16.4183 4 20 7.58172 20 12Z"
            fill="currentColor"
            fillRule="evenodd"
          />
        </svg>
        Discarded Items
      </h2>
    </div>
  </div>
</div>
`;
